         pl/m-8080 pass1 Version 4.0 - Thu Jul 23 22:49:38 2026

00001  0    /*
00002  0     Open source per <http://www.cpm.z80.de/license.html>:
00003  0    
00004  0     "Let this paragraph represent a right to use, distribute, modify, enhance, 
00005  0     and otherwise make available in a nonexclusive manner CP/M and its 
00006  0     derivatives. This right comes from the company, DRDOS, Inc.'s purchase of 
00007  0     Digital Research, the company and all assets, dating back to the mid-1990's. 
00008  0     DRDOS, Inc. and I, Bryan Sparks, President of DRDOS, Inc. as its 
00009  0     representative, is the owner of CP/M and the successor in interest of 
00010  0     Digital Research assets."
00011  0    */
00012  0    
00013  0    ED:
00014  0    DO;
00015  0        /* MODIFIED FOR .PRL OPERATION MAY, 1979 */
00016  0        /* MODIFIED FOR OPERATION WITH CP/M 2.0 AUGUST 1979 */
00017  0    DECLARE
00018  1        /* JMP EDCOMMAND - 3 (TO ADDRESS LXI SP) */
00019  1        EDJMP BYTE DATA(0C3H),
(00001) Error: 3: invalid PL/M statement. BYTE & DATA not allowed together  near DATA
00020  1        EDADR ADDRESS DATA(.EDCOMMAND-3);
00021  1    
00022  1    DECLARE
00023  1        BDISK     BYTE    EXTERNAL, /* BOOT DISK 0004H */
(00002) Error: 3: invalid PL/M statement. BYTE & <IDENTIFIER> not allowed together  near EXTERNAL
00024  1        MAXB      ADDRESS EXTERNAL, /* MAX BASE 0006H */
00025  1        FCB (33)  BYTE    EXTERNAL, /* FCB 005CH */
00026  1        BUFF (128)BYTE    EXTERNAL, /* BUFFER 0080H */
00027  1        SECTSHF   LITERALLY '7',    /* SHL(1,SECTSHF) = SECTSIZE */
00028  1        SECTSIZE  LITERALLY '80H';  /* SECTOR SIZE */
00029  1    
00030  1    MON1: PROCEDURE(F,A) EXTERNAL;
(00003) Error: 3: invalid PL/M statement. ) & <IDENTIFIER> not allowed together  near EXTERNAL
00031  2        DECLARE F BYTE, A ADDRESS;
00032  2        END MON1;
00033  1    
00034  1    MON2: PROCEDURE(F,A) BYTE EXTERNAL;
(00004) Error: 3: invalid PL/M statement. BYTE & <IDENTIFIER> not allowed together  near EXTERNAL
00035  2        DECLARE F BYTE, A ADDRESS;
00036  2        END MON2;
00037  1    
00038  1    BOOT: PROCEDURE EXTERNAL;
(00005) Error: 3: invalid PL/M statement. PROCEDURE & <IDENTIFIER> not allowed together  near EXTERNAL
00039  2        /* SYSTEM REBOOT */
00040  2        END BOOT;
(00006) Error: 3: invalid PL/M statement. <PROCEDURE HEAD> & END not allowed together  near END
(00007) Error: 12: improper use of identifier following END  near ;
00041  1    
00042  1      /*  E D  :   T H E   C P / M   C O N T E X T    E D I T O R  */
00043  1     
00044  1        /*      COPYRIGHT (C) 1976, 1977, 1978, 1979
00045  1                DIGITAL RESEARCH
00046  1                BOX 579 PACIFIC GROVE
00047  1                CALIFORNIA 93950
00048  1        */
00049  1    DECLARE COPYRIGHT(*) BYTE DATA
(00008) Error: 3: invalid PL/M statement. ( & * not allowed together  near *
00050  1       (' COPYRIGHT (C) 1979, DIGITAL RESEARCH ');
00051  1     
00052  1     /* COMMAND           FUNCTION
00053  1        -------           --------
00054  1         A            APPEND LINES OF TEXT TO BUFFER
00055  1         B            MOVE TO BEGINNING OR END OF TEXT
00056  1         C            SKIP CHARACTERS
00057  1         D            DELETE CHARACTERS
00058  1         E            END OF EDIT
00059  1         F            FIND STRING IN CURRENT BUFFER
00060  1         H            MOVE TO TOP OF FILE (HEAD)
00061  1         I            INSERT   CHARACTERS FROM KEYBOARD
00062  1                      UP TO NEXT <ENDFILE>
00063  1         J            JUXTAPOSITION OPERATION - SEARCH FOR FIRST STRING,
00064  1                      INSERT SECOND STRING, DELETE UNTIL THIRD STRING
00065  1         K            DELETE LINES
00066  1         L            SKIP LINES
00067  1         M            MACRO DEFINITION (SEE COMMENT BELOW)
00068  1         N            FIND NEXT OCCURRENCE OF STRING
00069  1                      WITH AUTO SCAN THROUGH FILE
00070  1         O            RE-EDIT OLD FILE
00071  1         P            PAGE AND DISPLAY (MOVES UP OR DOWN 24 LINES AND
00072  1                      DISPLAYS 24 LINES)
00073  1         Q            QUIT EDIT WITHOUT UPDATING THE FILE
00074  1         R<FILENAME>  READ FROM FILE <FILENAME>.LIB UNTIL <ENDFILE> AND
00075  1                      INSERT INTO TEXT
00076  1         S            SEARCH FOR FIRST STRING, REPLACE BY SECOND STRING
00077  1         T            TYPE LINES
00078  1         U            TRANSLATE TO UPPER CASE (-U CHANGES TO NO TRANSLATE)
00079  1         W            WRITE LINES OF TEXT TO FILE
00080  1         X            TRANSFER (XFER) LINES TO TEMP FILE
00081  1         Z            SLEEP FOR 1/2 SECOND (USED IN MACROS TO STOP DISPLAY)
00082  1         <CR>         MOVE UP OR DOWN AND PRINT ONE LINE
00083  1     
00084  1    
00085  1        IN GENERAL, THE EDITOR ACCEPTS SINGLE LETTER COMMANDS WITH OPTIONAL
00086  1    INTEGER VALUES PRECEDING THE COMMAND.  THE EDITOR ACCEPTS BOTH UPPER AND LOWER
00087  1    CASE COMMANDS AND VALUES, AND PERFORMS TRANSLATION TO UPPER CASE UNDER THE FOL-
00088  1    LOWING CONDITIONS.  IF THE COMMAND IS TYPED IN UPPER CASE, THEN THE DATA WHICH
00089  1    FOLLOWS IS TRANSLATED TO UPPER CASE.  THUS, IF THE "I" COMMAND IS TYPED IN
00090  1    UPPER CASE, THEN ALL INPUT IS AUTOMATICALLY TRANSLATED (ALTHOUGH ECHOED IN
00091  1    LOWER CASE, AS TYPED).  IF THE "A" COMMAND IS TYPED IN UPPER CASE, THEN ALL
00092  1    INPUT IS TRANSLATED AS READ FROM THE DISK.  GLOBAL TRANSLATION TO UPPER CASE
00093  1    CAN BE CONTROLLED BY THE "U" COMMAND (-U TO NEGATE ITS EFFECT).  IF YOU ARE
00094  1    OPERATING WITH AN UPPER CASE ONLY TERMINAL, THEN OPERATION IS AUTOMATIC.
00095  1    SIMILARLY, IF YOU ARE OPERATING WITH A LOWER CASE TERMINAL, AND TRANSLATION
00096  1    TO UPPER CASE IS NOT SPECIFIED, THEN LOWER CASE CHARACTERS CAN BE ENTERED.
00097  1    
00098  1         A NUMBER OF COMMANDS CAN BE PRECEDED BY A POSITIVE OR
00099  1         NEGATIVE INTEGER BETWEEN 0 AND 65535 (1 IS DEFAULT IF NO VALUE
00100  1         IS SPECIFIED).  THIS VALUE DETERMINES THE NUMBER OF TIMES THE
00101  1         COMMAND IS APPLIED BEFORE RETURNING FOR ANOTHER COMMAND.
00102  1             THE COMMANDS
00103  1                           C D K L T P U  <CR>
00104  1         CAN BE PRECEDED BY AN UNSIGNED, POSITIVE, OR NEGATIVE NUMBER,
00105  1         THE COMMANDS
00106  1                           A F J N W Z
00107  1         CAN BE PRECEDED BY AN UNSIGNED OR POSITIVE NUMBER,
00108  1         THE COMMANDS
00109  1                           E H O Q
00110  1         CANNOT BE PRECEDED BY A NUMBER.  THE COMMANDS
00111  1                           F I J M R S
00112  1         ARE ALL FOLLOWED BY ONE OR MORE STRINGS OF CHARACTERS WHICH CAN
00113  1         BE OPTIONALLY SEPARATED OR TERMINATED BY EITHER <ENDFILE> OR <CR>.
00114  1         THE <ENDFILE> IS GENERALLY USED TO SEPARATE THE SEARCH STRINGS
00115  1         IN THE S AND J COMMANDS, AND IS USED AT THE END OF THE COMMANDS IF
00116  1         ADDITIONAL COMMANDS FOLLOW.  FOR EXAMPLE, THE FOLLOWING COMMAND
00117  1         SEQUENCE SEARCHES FOR  THE STRING 'GAMMA', SUBSTITUTES THE STRING
00118  1         'DELTA', AND THEN TYPES THE FIRST PART OF THE LINE WHERE THE
00119  1         CHANGE OCCURRED, FOLLOWED BY THE REMAINDER OF THE LINE WHICH WAS
00120  1         CHANGED:
00121  1                     SGAMMA<ENDFILE>DELTA<ENDFILE>0TT<CR>
00122  1     
00123  1         THE CONTROL-L CHARACTER IN SEARCH AND SUBSTITUTE STRINGS IS
00124  1         REPLACED ON INPUT BY <CR><LF> CHARACTERS.  THE CONTROL-I KEY
00125  1         IS TAKEN AS A TAB CHARACTER.
00126  1     
00127  1            THE COMMAND R MUST BE FOLLOWED BY A FILE NAME (WITH ASSUMED FILE
00128  1         TYPE OF 'LIB') WITH A TRAILING <CR> OR <ENDFILE>.  THE COMMAND
00129  1         I IS FOLLOWED BY A STRING OF SYMBOLS TO INSERT, TERMINATED BY
00130  1         A <CR> OR <ENDFILE>.  IF SEVERAL LINES OF TEXT ARE TO BE INSERTED,
00131  1         THE I CAN BE DIRECTLY FOLLOWED BY AN <ENDFILE> OR <CR> IN WHICH
00132  1         CASE THE EDITOR ACCEPTS LINES OF INPUT TO THE NEXT <ENDFILE>.
00133  1         THE COMMAND 0T PRINTS THE FIRST PART OF THE CURRENT LINE,
00134  1         AND THE COMMAND 0L MOVES THE REFERENCE TO THE BEGINNING OF THE
00135  1         CURRENT LINE.  THE COMMAND 0P PRINTS THE CURRENT PAGE ONLY, WHILE
00136  1         THE COMMAND 0Z READS THE CONSOLE RATHER THAN WAITING (THIS IS USED
00137  1         AGAIN WITHIN MACROS TO STOP THE DISPLAY - THE MACRO EXPANSION
00138  1         STOPS UNTIL A CHARACTER IS READ.  IF THE CHARACTER IS NOT A BREAK
00139  1         THEN THE MACRO EXPANSION CONTINUES NORMALLY).
00140  1     
00141  1            NOTE THAT A POUND SIGN IS TAKEN AS THE NUMBER 65535, ALL
00142  1         UNSIGNED NUMBERS ARE ASSUMED POSITIVE, AND A SINGLE - IS ASSUMED -1
00143  1     
00144  1         A NUMBER OF COMMANDS CAN BE GROUPED TOGETHER AND EXECUTED
00145  1         REPETITIVELY USING THE MACRO COMMAND WHICH TAKES THE FORM
00146  1     
00147  1                 <NUMBER>MC1C2...CN<DELIMITER>
00148  1     
00149  1         WHERE <NUMBER> IS A NON-NEGATIVE INTEGER N, AND <DELIMITER> IS
00150  1         <ENDFILE> OR <CR>.  THE COMMANDS C1 ... CN  FOLLOWING THE M ARE
00151  1         EXECUTED N TIMES, STARTING AT THE CURRENT POSITION IN THE BUFFER.
00152  1         IF N IS 0, 1, OR OMITTED, THE COMMANDS ARE EXECUTED UNTIL THE END
00153  1         IF THE BUFFER IS ENCOUNTERED.
00154  1     
00155  1         THE FOLLOWING MACRO, FOR EXAMPLE, CHANGES ALL OCCURRENCES OF
00156  1         THE NAME 'GAMMA' TO 'DELTA', AND PRINTS THE LINES WHICH
00157  1         WERE CHANGED:
00158  1     
00159  1                     MFGAMMA<ENDFILE>-5DIDELTA<ENDFILE>0LT<CR>
00160  1     
00161  1        (NOTE: AN <ENDFILE> IS THE CP/M END OF FILE MARK - CONTROL-Z)
00162  1     
00163  1        IF ANY KEY IS DEPRESSED DURING TYPING OR MACRO EXPANSION, THE
00164  1        FUNCTION IS CONSIDERED TERMINATED, AND CONTROL RETURNS TO THE
00165  1        OPERATOR.
00166  1     
00167  1        ERROR CONDITIONS ARE INDICATED BY PRINTING ONE OF THE CHARACTERS:
00168  1     
00169  1         SYMBOL                    ERROR CONDITION
00170  1         ------      ----------------------------------------------------
00171  1         GREATER     FREE MEMORY IS EXHAUSTED - ANY COMMAND CAN BE ISSUED
00172  1                     WHICH DOES NOT INCREASE MEMORY REQUIREMENTS.
00173  1         QUESTION    UNRECOGNIZED COMMAND OR ILLEGAL NUMERIC FIELD
00174  1         POUND       CANNOT APPLY THE COMMAND THE NUMBER OF TIMES SPECFIED
00175  1                     (OCCURS IF SEARCH STRING CANNOT BE FOUND)
00176  1         LETTER O    CANNOT OPEN <FILENAME>.LIB IN R COMMAND
00177  1     
00178  1         THE ERROR CHARACTER IS ALSO ACCOMPANIED BY THE LAST CHARACTER
00179  1         SCANNED WHEN THE ERROR OCCURRED.                      */
00180  1     
00181  1    DECLARE LIT LITERALLY 'LITERALLY',
00182  1        DCL LIT 'DECLARE',
00183  1        PROC LIT 'PROCEDURE',
00184  1        ADDR LIT 'ADDRESS',
00185  1        CTLL LIT '0CH',
00186  1        CTLR LIT '12H',  /* REPEAT LINE IN INSERT MODE */
00187  1        CTLU LIT '15H',  /* LINE DELETE IN INSERT MODE */
00188  1        CTLX LIT '18H',  /* EQUIVALENT TO CTLU */
00189  1        CTLH LIT '08H',  /* BACKSPACE */
00190  1        TAB LIT '09H',         /* TAB CHARACTER */
00191  1        LCA  LIT '110$0001B',  /* LOWER CASE A */
00192  1        LCZ  LIT '111$1010B',  /* LOWER CASE Z */
00193  1        ENDFILE LIT '1AH';    /* CP/M END OF FILE */
00194  1     
00195  1    DECLARE
00196  1        MAX ADDRESS,                   /* .MEMORY(MAX)=0 (END) */
00197  1        MAXM ADDRESS,                  /* MINUS 1 */
00198  1        HMAX ADDRESS;                  /* = MAX/2 */
00199  1     
00200  1    DECLARE
00201  1        RO LITERALLY '9',  /* R/O FILE INDICATOR */
00202  1        SY LITERALLY '10', /* SYSTEM FILE ATTRIBUTE */
00203  1        EX LITERALLY '12', /* EXTENT NUMBER POSITION */
00204  1        UB LITERALLY '13', /* UNFILLED BYTES */
00205  1        MD LITERALLY '14', /* MODULE NUMBER POSITION */
00206  1        NR LITERALLY '32', /* NEXT RECORD FIELD */
00207  1        FS LITERALLY '33', /* FCB SIZE */
00208  1        RFCB (FS) BYTE /* READER FILE CONTROL BLOCK */
00209  1            INITIAL(0, /* FILE NAME */ '        ',
00210  1                       /* FILE TYPE */ 'LIB',0,0,0),
00211  1        RBP BYTE,      /* READ BUFFER POINTER */
00212  1        XFCB (FS) BYTE /* XFER FILE CONTROL BLOCK */
00213  1            INITIAL(0, 'X$$$$$$$','LIB',0,0,0),
00214  1        XFCBE BYTE AT(.XFCB(EX)),  /* XFCB EXTENT */
(00009) Error: 3: invalid PL/M statement. BYTE & <IDENTIFIER> not allowed together  near AT
00215  1        XFCBM BYTE AT(.XFCB(MD)),  /* MODULE NUMBER */
00216  1        XFCBR BYTE AT(.XFCB(NR)),  /* XFCB RECORD # */
00217  1        XBUFF (SECTSIZE) BYTE, /* XFER BUFFER */
00218  1        XBP BYTE,              /* XFER POINTER */
00219  1        XFERON BYTE,           /* TRUE IF XFER ACTIVE */
00220  1    
00221  1        NBUF BYTE,                 /* NUMBER OF BUFFERS */
00222  1        BUFFLENGTH ADDRESS,        /* NBUF * SECTSIZE */
00223  1        SFCB (FS) BYTE AT(.FCB),   /* SOURCE FCB = DEFAULT FCB */
00224  1        SBUFFADR ADDRESS,          /* SOURCE BUFFER ADDRESS */
00225  1        SBUFF BASED SBUFFADR (128) BYTE, /* SOURCE BUFFER */
00226  1    
00227  1        DFCB (FS) BYTE,          /* DEST FILE CONTROL BLOCK */
00228  1        DFUB BYTE AT(.DFCB(UB)),  /* UNFILLED BYTES IN LAST RECORD */
00229  1        DBUFFADR ADDRESS,        /* DESTINATION BUFFER ADDRESS */
00230  1        DBUFF BASED DBUFFADR (128) BYTE, /* DEST BUFFER */
00231  1        NSOURCE ADDRESS,         /* NEXT SOURCE CHARACTER */
00232  1        NDEST   ADDRESS;         /* NEXT DESTINATION CHAR */
00233  1     
00234  1    DECLARE SDISK BYTE,     /* SOURCE FILE DISK */
00235  1        DDISK BYTE;         /* DESTINATION FILE DISK */
00236  1    
00237  1     /* IO SECTION */
00238  1     
00239  1    READCHAR: PROCEDURE BYTE; RETURN MON2(1,0);
00240  2        END READCHAR;
00241  1     
00242  1    DECLARE TRUE LITERALLY '1', FALSE LITERALLY '0',
00243  1        FOREVER LITERALLY 'WHILE TRUE',
00244  1        CR LITERALLY '13',
00245  1        LF LITERALLY '10',
00246  1        WHAT LITERALLY '63';
00247  1     
00248  1    DECLARE
00249  1       PRINTSUPPRESS BYTE; /* TRUE IF PRINT SUPPRESSED */
00250  1    
00251  1    PRINTCHAR: PROCEDURE(CHAR);
00252  2        DECLARE CHAR BYTE;
00253  2        IF PRINTSUPPRESS THEN RETURN;
00254  2        CALL MON1(2,CHAR);
00255  2        END PRINTCHAR;
00256  1     
00257  1    DECLARE
00258  1        COLUMN  BYTE, /* CONSOLE COLUMN POSITION */
00259  1        SCOLUMN BYTE, /* STARTING COLUMN IN "I" MODE */
00260  1        TCOLUMN BYTE, /* TEMP DURING BACKSPACE */
00261  1        QCOLUMN BYTE; /* TEMP DURING BACKSPACE */
00262  1    
00263  1    TTYCHAR: PROCEDURE(CHAR);
00264  2        DECLARE CHAR BYTE;
00265  2        IF CHAR >= ' ' THEN COLUMN = COLUMN + 1;
00266  2        IF CHAR = LF THEN COLUMN = 0;
00267  2        CALL PRINTCHAR(CHAR);
00268  2        END TTYCHAR;
00269  1     
00270  1    BACKSPACE: PROCEDURE;
00271  2        /* MOVE BACK ONE POSITION */
00272  2        IF COLUMN = 0 THEN RETURN;
00273  2        CALL TTYCHAR(CTLH); /* COLUMN = COLUMN - 1 */
00274  2        CALL TTYCHAR(' ' ); /* COLUMN = COLUMN + 1 */
00275  2        CALL TTYCHAR(CTLH); /* COLUMN = COLUMN - 1 */
00276  2        COLUMN = COLUMN - 2;
00277  2        END BACKSPACE;
00278  1    
00279  1    PRINTABS: PROCEDURE(CHAR);
00280  2        DECLARE (CHAR,I,J) BYTE;
00281  2        I = CHAR = TAB AND 7 - (COLUMN AND 7);
00282  2        IF CHAR = TAB THEN CHAR = ' ';
00283  2            DO J = 0 TO I;
00284  2            CALL TTYCHAR(CHAR);
00285  3            END;
00286  2        END PRINTABS;
00287  1     
00288  1    GRAPHIC: PROCEDURE(C) BYTE;
00289  2        DECLARE C BYTE;
00290  2        /* RETURN TRUE IF GRAPHIC CHARACTER */
00291  2        IF C >= ' ' THEN RETURN TRUE;
00292  2        RETURN C = CR OR C = LF OR C = TAB;
00293  2        END GRAPHIC;
00294  1    
00295  1    PRINTC: PROCEDURE(C);
00296  2        DECLARE C BYTE;
00297  2        IF NOT GRAPHIC(C) THEN
00298  2            DO; CALL PRINTABS('^');
00299  3            C = C + '@';
00300  3            END;
00301  2        CALL PRINTABS(C);
00302  2        END PRINTC;
00303  1    
00304  1    CRLF: PROCEDURE;
00305  2        CALL PRINTC(CR); CALL PRINTC(LF);
00306  2        END CRLF;
00307  1    
00308  1    PRINTM: PROCEDURE(A);
00309  2        DECLARE A ADDRESS;
00310  2        CALL MON1(9,A);
00311  2        END PRINTM;
00312  1    
00313  1    PRINT: PROCEDURE(A);
00314  2        DECLARE A ADDRESS;
00315  2        CALL CRLF;
00316  2        CALL PRINTM(A);
00317  2        END PRINT;
00318  1    
00319  1    READ: PROCEDURE(A);
00320  2        DECLARE A ADDRESS;
00321  2        CALL MON1(10,A);
00322  2        END READ;
00323  1     
00324  1    DECLARE DCNT BYTE;
00325  1     
00326  1     
00327  1    OPEN: PROCEDURE(FCB);
00328  2         DECLARE FCB ADDRESS;
00329  2         DCNT = MON2(15,FCB);
00330  2         END OPEN;
00331  1     
00332  1    CLOSE: PROCEDURE(FCB);
00333  2        DECLARE FCB ADDRESS;
00334  2        DCNT = MON2(16,FCB);
00335  2        END CLOSE;
00336  1     
00337  1    SEARCH: PROCEDURE(FCB);
00338  2        DECLARE FCB ADDRESS;
00339  2        DCNT = MON2(17,FCB);
00340  2        END SEARCH;
00341  1     
00342  1    DELETE: PROCEDURE(FCB);
00343  2        DECLARE FCB ADDRESS;
00344  2        CALL MON1(19,FCB);
00345  2        END DELETE;
00346  1     
00347  1    DISKREAD: PROCEDURE(FCB) BYTE;
00348  2        DECLARE FCB ADDRESS;
00349  2        RETURN MON2(20,FCB);
00350  2        END DISKREAD;
00351  1     
00352  1    DISKWRITE: PROCEDURE(FCB) BYTE;
00353  2        DECLARE FCB ADDRESS;
00354  2        RETURN MON2(21,FCB);
00355  2        END DISKWRITE;
00356  1     
00357  1    MAKE: PROCEDURE(FCB);
00358  2        DECLARE FCB ADDRESS;
00359  2        DCNT = MON2(22,FCB);
00360  2        END MAKE;
00361  1     
00362  1    RENAME: PROCEDURE(FCB);
00363  2        DECLARE FCB ADDRESS;
00364  2        CALL MON1(23,FCB);
00365  2        END RENAME;
00366  1     
00367  1    DECLARE (MAXLEN,COMLEN) BYTE, COMBUFF(128) BYTE,
00368  1        (TCBP,CBP) BYTE;
00369  1     
00370  1    READCOM: PROCEDURE;
00371  2        MAXLEN = 128; CALL READ(.MAXLEN);
00372  2        END READCOM;
00373  1     
00374  1    BREAK$KEY: PROCEDURE BYTE;
00375  2        IF MON2(11,0) THEN
00376  2            DO; /* CLEAR CHAR */
00377  2            CALL MON1(1,0); RETURN TRUE;
00378  3            END;
00379  2        RETURN FALSE;
00380  2        END BREAK$KEY;
00381  1     
00382  1    CSELECT: PROCEDURE BYTE;
00383  2        /* RETURN CURRENT DRIVE NUMBER */
00384  2        RETURN MON2(25,0);
00385  2        END CSELECT;
00386  1     
00387  1    SELECT: PROCEDURE(DISK);
00388  2        DECLARE DISK BYTE;
00389  2        /* SET DRIVE NUMBER */
00390  2        CALL MON1(14,DISK);
00391  2        END SELECT;
00392  1     
00393  1    SETDMA: PROCEDURE(A);
00394  2        DECLARE A ADDRESS;
00395  2        /* SET DMA ADDRESS */
00396  2        CALL MON1(26,A);
00397  2        END SETDMA;
00398  1     
00399  1    REBOOT: PROCEDURE;
00400  2        IF XFERON THEN CALL DELETE(.XFCB);
(00010) Error: 29: undeclared variable  near THEN
00401  2        CALL BOOT;
00402  2        END REBOOT;
(00011) Error: 1: undefined symbol 'XFERON'  near ;
00403  1    
00404  1    DECLARE /* LINE COUNTERS */
00405  1        BASELINE ADDRESS,       /* CURRENT LINE */
00406  1        RELLINE  ADDRESS,       /* RELATIVE LINE IN TYPEOUT */
00407  1        LINESET BYTE;           /* TRUE IF LINE #'S PRINTED */
00408  1    
00409  1      /*  INPUT / OUTPUT BUFFERING ROUTINES */
00410  1     
00411  1    /* THE PL/M BUILT-IN PROCEDURE "MOVE" IS USED TO MOVE STORAGE,
00412  1       ITS DEFINITION IS:
00413  1        MOVE: PROCEDURE(COUNT,SOURCE,DEST);
00414  1            DECLARE (COUNT,SOURCE,DEST) ADDRESS;
00415  1            / MOVE DATA FROM SOURCE TO DEST ADDRESSES, FOR COUNT BYTES /
00416  1            END MOVE;
00417  1      */
00418  1     
00419  1    ABORT: PROCEDURE(A);
00420  2        DECLARE A ADDRESS;
00421  2        CALL PRINT(A);
00422  2        CALL CRLF;
00423  2        CALL REBOOT;
00424  2        END ABORT;
00425  1    
00426  1    FERR: PROCEDURE;
00427  2        CALL CLOSE(.DFCB); /* ATTEMPT TO CLOSE FILE FOR LATER RECOVERY */
(00012) Error: 29: undeclared variable  near )
00428  2        CALL ABORT (.('DISK OR DIRECTORY FULL$'));
00429  2        END FERR;
(00013) Error: 1: undefined symbol 'DFCB'  near ;
00430  1     
00431  1    SETTYPE: PROCEDURE(A);
00432  2        DECLARE A ADDRESS;
00433  2        CALL MOVE(3,A,.DFCB+9);
(00014) Error: 29: undeclared variable  near +
00434  2        END SETTYPE;
(00015) Error: 1: undefined symbol 'DFCB'  near ;
00435  1     
00436  1    SETUP: PROCEDURE;
00437  2        NSOURCE = BUFFLENGTH; NDEST = 0;
(00016) Error: 29: undeclared variable  near =
(00017) Error: 29: undeclared variable  near ;
(00018) Error: 29: undeclared variable  near =
00438  2        SFCB(EX), SFCB(MD), SFCB(NR) = 0;
(00019) Error: 30: subscripted variable or procedure call references undeclared identifier  near 12
00439  2        /* REEL AND RECORD ZEROED */
00440  2        /* COPY NAME TO DESTINATION FCB */
00441  2        CALL MOVE(33,.FCB,.DFCB);
(00020) Error: 29: undeclared variable  near ,
(00021) Error: 29: undeclared variable  near )
00442  2        /* SOURCE AND DESTINATION DISKS SET */
00443  2    
00444  2        /* IF SOURCE AND DESTINATION DISKS DIFFER, CHECK FOR
00445  2        AN EXISTING SOURCE FILE ON THE DESTINATION DISK - THERE
00446  2        COULD BE A FATAL ERROR CONDITION WHICH COULD DESTROY A
00447  2        FILE IF THE USER HAPPENED TO BE ADDRESSING THE WRONG
00448  2        DISK */
00449  2        IF SDISK <> DDISK THEN
00450  2            DO; CALL SELECT(DDISK);
00451  3            CALL SEARCH(.FCB);
00452  3            IF DCNT <> 255 THEN /* SOURCE FILE PRESENT ON DEST DISK */
00453  3                CALL ABORT(.('FILE EXISTS, ERASE IT$'));
00454  3            END;
00455  2        CALL SELECT(SDISK);
00456  2        CALL OPEN(.FCB);
00457  2        IF DCNT = 255 THEN
00458  2            DO; CALL MAKE(.FCB);
00459  3            IF DCNT = 255 THEN CALL FERR;
00460  3            CALL PRINT(.('NEW FILE$'));
00461  3            CALL CRLF;
00462  3            END; ELSE
00463  2        IF ROL(FCB(RO),1) THEN
00464  2            DO;
00465  2            CALL PRINT(.('** FILE IS READ/ONLY **$'));
00466  3            CALL CRLF;
00467  3            END; ELSE
00468  2        IF ROL(FCB(SY),1) THEN
00469  2            CALL ABORT(.('"SYSTEM" FILE NOT ACCESSIBLE$'));
00470  2        CALL SETTYPE(.('BAK'));
00471  2        CALL DELETE(.DFCB);
00472  2        IF SDISK <> DDISK THEN
00473  2            DO; /* REMOVE BAK FILES FROM DESTINATION DISK */
00474  2            CALL SELECT(DDISK);
00475  3            CALL DELETE(.DFCB);
00476  3            END;
00477  2        CALL SETTYPE(.('$$$'));
00478  2        CALL DELETE(.DFCB);
00479  2        CALL MAKE(.DFCB);
00480  2        DFCB(32) = 0;  /* NEXT RECORD IS ZERO */
00481  2        IF DCNT = 255 THEN CALL FERR;
00482  2        /* THE TEMP FILE IS NOW CREATED */
00483  2        BASELINE = 1; /* START WITH LINE 1 */
00484  2        END SETUP;
(00022) Error: 1: undefined symbol 'DFCB'  near ;
(00023) Error: 1: undefined symbol 'FCB'  near ;
(00024) Error: 1: undefined symbol 'SFCB'  near ;
(00025) Error: 1: undefined symbol 'NDEST'  near ;
(00026) Error: 1: undefined symbol 'BUFFLENGTH'  near ;
(00027) Error: 1: undefined symbol 'NSOURCE'  near ;
00485  1     
00486  1    XCLEAR: PROCEDURE;
00487  2        /* CLEAR THE XFER FILE PARAMETERS */
00488  2        XFERON, XFCBE, XFCBR, XBP = 0;
(00028) Error: 29: undeclared variable  near ,
(00029) Error: 29: undeclared variable  near ,
(00030) Error: 29: undeclared variable  near =
00489  2        END XCLEAR;
(00031) Error: 1: undefined symbol 'XBP'  near ;
(00032) Error: 1: undefined symbol 'XFCBR'  near ;
(00033) Error: 1: undefined symbol 'XFERON'  near ;
00490  1    
00491  1    SETXDMA: PROCEDURE;
00492  2        CALL SELECT(SDISK);
00493  2        CALL SETDMA(.XBUFF);
(00034) Error: 29: undeclared variable  near )
00494  2        END SETXDMA;
(00035) Error: 1: undefined symbol 'XBUFF'  near ;
00495  1    
00496  1    FILLSOURCE: PROCEDURE;
00497  2        DECLARE I BYTE;
00498  2        ZN: PROCEDURE;
00499  3            NSOURCE = 0;
(00036) Error: 29: undeclared variable  near =
00500  3            END ZN;
(00037) Error: 1: undefined symbol 'NSOURCE'  near ;
00501  2     
00502  2         CALL ZN;
00503  2        CALL SELECT(SDISK);
00504  2            DO I = 0 TO NBUF;
(00038) Error: 29: undeclared variable  near ;
00505  2            CALL SETDMA(SBUFFADR+NSOURCE);
(00039) Error: 29: undeclared variable  near +
(00040) Error: 29: undeclared variable  near )
00506  3            IF (DCNT := DISKREAD(.FCB)) <> 0 THEN
(00041) Error: 29: undeclared variable  near )
00507  3                DO; IF DCNT > 1 THEN CALL FERR;
00508  4                SBUFF(NSOURCE) = ENDFILE;
(00042) Error: 30: subscripted variable or procedure call references undeclared identifier  near NSOURCE
00509  4                I = NBUF;
00510  4                END;
(00043) Error: 1: undefined symbol 'SBUFF'  near ;
00511  3            ELSE
00512  3                NSOURCE = NSOURCE + SECTSIZE;
(00044) Error: 29: undeclared variable  near ;
00513  3            END;
(00045) Error: 1: undefined symbol 'SECTSIZE'  near ;
(00046) Error: 1: undefined symbol 'FCB'  near ;
(00047) Error: 1: undefined symbol 'NSOURCE'  near ;
(00048) Error: 1: undefined symbol 'SBUFFADR'  near ;
00514  2        CALL ZN;
00515  2        END FILLSOURCE;
(00049) Error: 1: undefined symbol 'NBUF'  near ;
00516  1     
00517  1    GETSOURCE: PROCEDURE BYTE;
00518  2        DECLARE B BYTE;
00519  2        IF NSOURCE >= BUFFLENGTH THEN CALL FILLSOURCE;
(00050) Error: 29: undeclared variable  near >
(00051) Error: 29: undeclared variable  near THEN
00520  2        IF (B := SBUFF(NSOURCE)) <> ENDFILE THEN
(00052) Error: 30: subscripted variable or procedure call references undeclared identifier  near NSOURCE
00521  2            NSOURCE = NSOURCE + 1;
00522  2        RETURN B;
00523  2        END GETSOURCE;
(00053) Error: 1: undefined symbol 'SBUFF'  near ;
(00054) Error: 1: undefined symbol 'BUFFLENGTH'  near ;
(00055) Error: 1: undefined symbol 'NSOURCE'  near ;
00524  1     
00525  1    WRITEDEST: PROCEDURE;
00526  2        /* WRITE OUTPUT BUFFER UP TO (NOT INCLUDING) NDEST.
00527  2        LOW 7 BITS OF NDEST ARE ZERO */
00528  2        DECLARE (I,N) BYTE;
00529  2        ZN: PROCEDURE;
00530  3            NDEST = 0;
(00056) Error: 29: undeclared variable  near =
00531  3            END ZN;
(00057) Error: 1: undefined symbol 'NDEST'  near ;
00532  2     
00533  2        CALL SELECT(DDISK);
00534  2        IF LOW((N := SHR(NDEST,SECTSHF) - 1)) = 255 THEN RETURN;
(00058) Error: 29: undeclared variable  near ,
(00059) Error: 29: undeclared variable  near )
00535  2        CALL ZN;
00536  2            DO I = 0 TO N;
00537  2            CALL SETDMA(DBUFFADR+NDEST);
(00060) Error: 29: undeclared variable  near +
00538  3            IF DISKWRITE(.DFCB) <> 0 THEN CALL FERR;
(00061) Error: 29: undeclared variable  near )
00539  3            NDEST = NDEST + SECTSIZE;
(00062) Error: 29: undeclared variable  near ;
00540  3            END;
(00063) Error: 1: undefined symbol 'SECTSIZE'  near ;
(00064) Error: 1: undefined symbol 'DFCB'  near ;
(00065) Error: 1: undefined symbol 'DBUFFADR'  near ;
00541  2        CALL ZN;
00542  2        END WRITEDEST;
(00066) Error: 1: undefined symbol 'SECTSHF'  near ;
(00067) Error: 1: undefined symbol 'NDEST'  near ;
00543  1     
00544  1    PUTDEST: PROCEDURE(B);
00545  2        DECLARE B BYTE;
00546  2        IF NDEST >= BUFFLENGTH THEN CALL WRITEDEST;
(00068) Error: 29: undeclared variable  near >
(00069) Error: 29: undeclared variable  near THEN
00547  2        DBUFF(NDEST) = B;
(00070) Error: 30: subscripted variable or procedure call references undeclared identifier  near NDEST
00548  2        NDEST = NDEST + 1;
00549  2        END PUTDEST;
(00071) Error: 1: undefined symbol 'DBUFF'  near ;
(00072) Error: 1: undefined symbol 'BUFFLENGTH'  near ;
(00073) Error: 1: undefined symbol 'NDEST'  near ;
00550  1     
00551  1    PUTXFER: PROCEDURE(C);
00552  2        DECLARE C BYTE;
00553  2        /* WRITE C TO XFER FILE */
00554  2        IF XBP >= SECTSIZE THEN /* BUFFER OVERFLOW */
(00074) Error: 29: undeclared variable  near >
(00075) Error: 29: undeclared variable  near THEN
00555  2            DO; CALL SETXDMA;
00556  3            IF DISKWRITE(.XFCB) <> 0 THEN CALL FERR;
00557  3            XBP = 0;
00558  3            END;
00559  2        XBUFF(XBP) = C; XBP = XBP + 1;
(00076) Error: 30: subscripted variable or procedure call references undeclared identifier  near XBP
00560  2        END PUTXFER;
(00077) Error: 1: undefined symbol 'XBUFF'  near ;
(00078) Error: 1: undefined symbol 'SECTSIZE'  near ;
(00079) Error: 1: undefined symbol 'XBP'  near ;
00561  1    
00562  1    FINIS: PROCEDURE;
00563  2        MOVEUP: PROCEDURE;
00564  3        CALL MOVE(16,.DFCB,.DFCB+16);
(00080) Error: 29: undeclared variable  near ,
00565  3        END MOVEUP;
(00081) Error: 1: undefined symbol 'DFCB'  near ;
00566  2     
00567  2        /* CLEAR OUTPUT */
00568  2        DFUB = 0 ; /* SET UNFILLED BYTES - USED FOR ISIS-II COMPATIBILITY */
(00082) Error: 29: undeclared variable  near =
00569  2            DO WHILE (LOW(NDEST) AND 7FH) <> 0;
(00083) Error: 29: undeclared variable  near )
00570  2            DFUB = DFUB + 1; /* COUNTS UNFILLED BYTES IN LAST RECORD */
00571  3            CALL PUTDEST(ENDFILE);
00572  3            END;
00573  2        CALL WRITEDEST;
00574  2     
00575  2        CALL CLOSE(.DFCB);
(00084) Error: 29: undeclared variable  near )
00576  2        IF DCNT = 255 THEN CALL FERR;
00577  2        /* RENAME OLD FILE TO BAK */
00578  2        CALL SETTYPE(.('BAK')); CALL MOVEUP;
00579  2        CALL SELECT(SDISK);
00580  2        CALL MOVE(16,.FCB,.DFCB);
(00085) Error: 29: undeclared variable  near ,
00581  2        CALL RENAME(.DFCB);
00582  2        CALL MOVEUP;
00583  2        /* RENAME $$$ TO OLD NAME */
00584  2        CALL SETTYPE(.('$$$'));
00585  2        CALL SELECT(DDISK);
00586  2        CALL RENAME(.DFCB);
00587  2        END FINIS;
(00086) Error: 1: undefined symbol 'FCB'  near ;
(00087) Error: 1: undefined symbol 'DFCB'  near ;
(00088) Error: 1: undefined symbol 'NDEST'  near ;
(00089) Error: 1: undefined symbol 'DFUB'  near ;
00588  1     
00589  1     
00590  1    DECLARE
00591  1        LPP LIT '23',          /* LINES PER PAGE */
00592  1        FORWARD LIT '1',
00593  1        BACKWARD LIT '0',
00594  1        RUBOUT LIT '07FH',
00595  1        POUND LIT '23H',
00596  1        MACSIZE LIT '128',       /* MAX MACRO SIZE */
00597  1        SCRSIZE LIT '100',       /* SCRATCH BUFFER SIZE */
00598  1        COMSIZE LIT 'ADDRESS';  /* DETERMINES MAX COMMAND NUMBER*/
00599  1     
00600  1    DCL MACRO(MACSIZE) BYTE,
00601  1        SCRATCH(SCRSIZE) BYTE,     /* SCRATCH BUFFER FOR F,N,S */
00602  1        (WBP, WBE, WBJ)  BYTE,     /* END OF F STRING, S STRING, J STRING */
00603  1        (FLAG, MP, MI, XP) BYTE,
00604  1        MT COMSIZE;
00605  1     
00606  1    DCL (START, RESTART, OVERCOUNT, OVERFLOW, RESET, BADCOM) LABEL;
00607  1     
00608  1    DCL INSERTING BYTE,    /* TRUE IF INSERTING CHARACTERS */
00609  1        READBUFF  BYTE;    /* TRUE IF END OF READ BUFFER */
00610  1     
00611  1    DECLARE
00612  1        EOS LITERALLY '0FFH';
00613  1     
00614  1     
00615  1    
00616  1    PRINTNMAC: PROCEDURE(CHAR);
00617  2        DECLARE CHAR BYTE;
00618  2        /* PRINT IF NOT IN MACRO EXPANSION */
00619  2        IF MP <> 0 THEN RETURN;
00620  2        CALL PRINTC(CHAR);
00621  2        END PRINTNMAC;
00622  1     
00623  1     
00624  1     
00625  1     
00626  1    DECLARE TRANSLATE BYTE, /* TRUE IF TRANSLATION TO UPPER CASE */
00627  1        UPPER BYTE;        /* TRUE IF GLOBALLY TRANLATING TO UC */
00628  1     
00629  1    LOWERCASE: PROCEDURE(C) BYTE;
00630  2        DECLARE C BYTE;
00631  2        /* RETURN TRUE IF LOWER CASE ALPHABETIC */
00632  2        RETURN C >= LCA AND C <= LCZ;
00633  2        END LOWERCASE;
00634  1     
00635  1    UCASE: PROCEDURE(C) BYTE;
00636  2        DECLARE C BYTE;
00637  2        /* TRANSLATE C TO UPPER CASE */
00638  2        IF LOWERCASE(C) THEN RETURN C AND 5FH;
00639  2        RETURN C;
00640  2        END UCASE;
00641  1    
00642  1    UTRAN: PROCEDURE(C) BYTE;
00643  2        DECLARE C BYTE;
00644  2        /* TRANSLATE TO UPPER CASE IF ALPHABETIC LOWER AND TRANSLATE */
00645  2        IF TRANSLATE THEN RETURN UCASE(C);
00646  2        RETURN C;
00647  2        END UTRAN;
00648  1     
00649  1    PRINTVALUE: PROCEDURE(V);
00650  2        /* PRINT THE LINE VALUE V */
00651  2        DECLARE (D,ZERO) BYTE,
00652  2            (K,V) ADDRESS;
00653  2        K = 10000;
00654  2        ZERO = FALSE;
00655  2            DO WHILE K <> 0;
00656  2            D = LOW(V/K); V = V MOD K;
00657  3            K = K / 10;
00658  3            IF ZERO OR  D <> 0 THEN
00659  3                DO; ZERO = TRUE;
00660  4                CALL PRINTC('0'+D);
00661  4                END; ELSE
00662  3            CALL PRINTC(' ');
00663  3            END;
00664  2        END PRINTVALUE;
00665  1    
00666  1    PRINTLINE: PROCEDURE(V);
00667  2        DECLARE V ADDRESS;
00668  2        IF NOT LINESET THEN RETURN;
00669  2        CALL PRINTVALUE(V);
00670  2        CALL PRINTC(':');
00671  2        CALL PRINTC(' ');
00672  2        IF INSERTING THEN CALL PRINTC(' '); ELSE
00673  2            CALL PRINTC('*');
00674  2        END PRINTLINE;
00675  1    
00676  1    
00677  1    PRINTBASE: PROCEDURE;
00678  2        CALL PRINTLINE(BASELINE);
00679  2        END PRINTBASE;
00680  1    
00681  1    PRINTNMBASE: PROCEDURE;
00682  2        IF MP <> 0 THEN RETURN;
00683  2        CALL PRINTBASE;
00684  2        END PRINTNMBASE;
00685  1    
00686  1    READC: PROCEDURE BYTE;
00687  2        /* MAY BE MACRO EXPANSION */
00688  2        IF MP > 0 THEN
00689  2            DO;
00690  2            IF BREAK$KEY THEN GO TO OVERCOUNT;
00691  3            IF XP >= MP THEN
00692  3                DO; /* START AGAIN */
00693  3                IF MT <> 0 THEN
00694  4                    DO; IF (MT:=MT-1) = 0 THEN
00695  5                        GO TO OVERCOUNT;
00696  5                    END;
00697  4                XP = 0;
00698  4                END;
00699  3            RETURN UTRAN(MACRO((XP := XP + 1) - 1));
00700  3            END;
00701  2        IF INSERTING THEN RETURN UTRAN(READCHAR);
00702  2     
00703  2        /* GET COMMAND LINE */
00704  2        IF READBUFF THEN
00705  2            DO; READBUFF = FALSE;
00706  3            IF LINESET AND COLUMN = 0 THEN
00707  3                DO;
00708  3                IF BACK >= MAXM THEN
(00090) Error: 29: undeclared variable  near >
00709  4                    CALL PRINTLINE(0); ELSE
00710  4                    CALL PRINTBASE;
00711  4                END; ELSE
(00091) Error: 1: undefined symbol 'BACK'  near ;
00712  3            CALL PRINTC('*');
00713  3            CALL READCOM; CBP = 0;
00714  3            CALL PRINTC(LF);
00715  3            COLUMN = 0;
00716  3            END;
00717  2        IF (READBUFF := CBP = COMLEN ) THEN COMBUFF(CBP) = CR;
00718  2        RETURN UTRAN(COMBUFF((CBP := CBP +1) -1));
00719  2        END READC;
00720  1     
00721  1    SETRDMA: PROCEDURE;
00722  2        /* SET READ LIB DMA ADDRESS */
00723  2        CALL SELECT(SDISK);
00724  2        CALL SETDMA(.BUFF);
(00092) Error: 29: undeclared variable  near )
00725  2        END SETRDMA;
(00093) Error: 1: undefined symbol 'BUFF'  near ;
00726  1    
00727  1    READFILE: PROCEDURE BYTE;
00728  2        IF RBP >= SECTSIZE THEN
(00094) Error: 29: undeclared variable  near THEN
00729  2            DO; CALL SETRDMA;
00730  3            IF DISKREAD(.RFCB) <> 0 THEN RETURN ENDFILE;
00731  3            RBP = 0;
00732  3            END;
00733  2        RETURN UTRAN(BUFF((RBP := RBP + 1) - 1));
(00095) Error: 30: subscripted variable or procedure call references undeclared identifier  near (
00734  2        END READFILE;
(00096) Error: 1: undefined symbol 'BUFF'  near ;
(00097) Error: 1: undefined symbol 'SECTSIZE'  near ;
00735  1     
00736  1    DCL (DISTANCE, TDIST) COMSIZE,
00737  1        (DIRECTION, CHAR) BYTE,
00738  1        ( FRONT, BACK, FIRST, LAST) ADDR;
00739  1     
00740  1    SETFF: PROCEDURE;
00741  2        DISTANCE = 0FFFFH;
00742  2        END SETFF;
00743  1     
00744  1    DISTZERO: PROCEDURE BYTE;
00745  2        /* RETURN TRUE IF DISTANCE IS ZERO */
00746  2        RETURN DISTANCE = 0;
00747  2        END DISTZERO;
00748  1     
00749  1    ZERODIST: PROCEDURE;
00750  2        DISTANCE = 0;
00751  2        END ZERODIST;
00752  1     
00753  1    DISTNZERO: PROCEDURE BYTE;
00754  2        /* CHECK FOR ZERO DISTANCE AND DECREMENT */
00755  2        IF NOT DISTZERO THEN
00756  2            DO; DISTANCE = DISTANCE - 1;
00757  3            RETURN TRUE;
00758  3            END;
00759  2        RETURN FALSE;
00760  2        END DISTNZERO;
00761  1     
00762  1    SETLIMITS: PROC;
00763  2        DCL (I,K,L,M) ADDR, (MIDDLE,LOOPING) BYTE;
00764  2        RELLINE = 1; /* RELATIVE LINE COUNT */
00765  2        IF DIRECTION = BACKWARD THEN
00766  2            DO; DISTANCE = DISTANCE+1; I = FRONT; L = 0; K = 0FFFFH;
00767  3            END; ELSE
00768  2            DO; I = BACK; L = MAXM; K = 1;
00769  3            END;
00770  2     
00771  2        LOOPING = TRUE;
00772  2            DO WHILE LOOPING;
00773  2                DO WHILE (MIDDLE := I <> L) AND
00774  3                    MEMORY(M:=I+K) <> LF;
00775  3                I = M;
00776  4                END;
00777  3            RELLINE = RELLINE - 1;
00778  3            LOOPING = (DISTANCE := DISTANCE - 1) <> 0;
00779  3            IF NOT MIDDLE THEN
00780  3                DO; LOOPING = FALSE;
00781  4                I = I - K;
00782  4                END; ELSE
00783  3            IF LOOPING THEN I = M;
00784  3            END;
00785  2     
00786  2        IF DIRECTION = BACKWARD THEN
00787  2            DO; FIRST = I; LAST = FRONT - 1;
00788  3            END; ELSE
00789  2            DO; FIRST = BACK + 1; LAST = I + 1;
00790  3            END;
00791  2        END SETLIMITS;
00792  1     
00793  1    INCFRONT: PROC; FRONT = FRONT + 1;
00794  2        END INCFRONT;
00795  1    INCBACK: PROCEDURE; BACK = BACK + 1;
00796  2        END INCBACK;
00797  1    DECFRONT: PROC; FRONT = FRONT - 1;
00798  2        END DECFRONT;
00799  1    DECBACK: PROC; BACK = BACK - 1;
00800  2        END DECBACK;
00801  1    INCBASE: PROCEDURE;
00802  2        BASELINE = BASELINE + 1;
00803  2        END INCBASE;
00804  1    
00805  1     
00806  1    MEM$MOVE: PROC(MOVEFLAG);
00807  2        DECLARE (MOVEFLAG,C) BYTE;
00808  2        /* MOVE IF MOVEFLAG IS TRUE */
00809  2        IF DIRECTION = FORWARD THEN
00810  2            DO WHILE BACK < LAST; CALL INCBACK;
00811  3            IF MOVEFLAG THEN
00812  3                DO;
00813  3                IF (C := MEMORY(BACK)) = LF THEN CALL INCBASE;
00814  4                MEMORY(FRONT) = C; CALL INCFRONT;
00815  4                END;
00816  3            END; ELSE
00817  2            DO WHILE FRONT > FIRST; CALL DECFRONT;
00818  3            IF (C := MEMORY(FRONT)) = LF THEN BASELINE = BASELINE - 1;
00819  3            IF MOVEFLAG THEN
00820  3                DO; MEMORY(BACK) = C; CALL DECBACK;
00821  4                END;
00822  3            END;
00823  2        END MEM$MOVE;
00824  1     
00825  1    MOVER: PROC;
00826  2        CALL MEM$MOVE(TRUE);
00827  2        END MOVER;
00828  1    
00829  1    SETPTRS: PROC;
00830  2        CALL MEM$MOVE(FALSE);
00831  2        END SETPTRS;
00832  1    
00833  1    MOVELINES: PROC;
00834  2        CALL SETLIMITS;
00835  2        CALL MOVER;
00836  2        END MOVELINES;
00837  1     
00838  1    SETCLIMITS: PROC;
00839  2        IF DIRECTION = BACKWARD THEN
00840  2            DO; LAST = BACK;
00841  3            IF DISTANCE > FRONT THEN
00842  3                FIRST = 1; ELSE FIRST = FRONT - DISTANCE;
00843  3            END; ELSE
00844  2            DO; FIRST = FRONT;
00845  3            IF DISTANCE >= MAX - BACK THEN
00846  3                LAST = MAXM; ELSE LAST = BACK + DISTANCE;
00847  3            END;
00848  2        END SETCLIMITS;
00849  1     
00850  1    READLINE: PROCEDURE;
00851  2        DECLARE B BYTE;
00852  2        /* READ ANOTHER LINE OF INPUT */
00853  2        CTRAN: PROCEDURE(B) BYTE;
00854  3            DECLARE B BYTE;
00855  3            /* CONDITIONALLY TRANSLATE TO UPPER CASE ON INPUT */
00856  3            IF UPPER THEN RETURN UTRAN(B);
00857  3            RETURN B;
00858  3            END CTRAN;
00859  2        DO FOREVER;
00860  2        IF FRONT >= BACK THEN GO TO OVERFLOW;
00861  3        IF (B := CTRAN(GETSOURCE)) = ENDFILE THEN
00862  3            DO; CALL ZERODIST; RETURN;
00863  4            END;
00864  3        MEMORY(FRONT) = B;
00865  3        CALL INCFRONT;
00866  3        IF B = LF THEN
00867  3            DO; CALL INCBASE;
00868  4            RETURN;
00869  4            END;
00870  3        END;
00871  2        END READLINE;
00872  1     
00873  1    WRITELINE: PROCEDURE;
00874  2        /* WRITE ONE LINE OUT */
00875  2        DECLARE B BYTE;
00876  2            DO FOREVER;
00877  2            IF BACK >= MAXM THEN /* EMPTY */
00878  3                DO; CALL ZERODIST; RETURN;
00879  4                END;
00880  3            CALL INCBACK;
00881  3            CALL PUTDEST(B:=MEMORY(BACK));
00882  3            IF B = LF THEN
00883  3                DO; CALL INCBASE;
00884  4                RETURN;
00885  4                END;
00886  3            END;
00887  2        END WRITELINE;
00888  1     
00889  1    WRHALF: PROCEDURE;
00890  2         /* WRITE LINES UNTIL AT LEAST HALF THE BUFFER IS EMPTY */
00891  2        CALL SETFF;
00892  2            DO WHILE DISTNZERO;
00893  2            IF HMAX >= (MAXM - BACK) THEN CALL ZERODIST; ELSE
00894  3            CALL WRITELINE;
00895  3            END;
00896  2        END WRHALF;
00897  1     
00898  1    WRITEOUT: PROCEDURE;
00899  2        /* WRITE LINES DETERMINED BY 'DISTANCE',
00900  2        CALLED FROM W AND E COMMANDS */
00901  2        DIRECTION = BACKWARD; FIRST = 1; LAST = BACK;
00902  2        CALL MOVER;
00903  2        IF DISTZERO THEN CALL WRHALF;
00904  2        /* DISTANCE = 0 IF CALL WRHALF */
00905  2            DO WHILE DISTNZERO;
00906  2            CALL WRITELINE;
00907  3            END;
00908  2        IF BACK < LAST THEN
00909  2            DO; DIRECTION = FORWARD; CALL MOVER;
00910  3            END;
00911  2        END WRITEOUT;
00912  1     
00913  1    CLEARMEM: PROCEDURE;
00914  2        /* CLEAR MEMORY BUFFER */
00915  2        CALL SETFF;
00916  2        CALL WRITEOUT;
00917  2        END CLEARMEM;
00918  1     
00919  1    TERMINATE: PROCEDURE;
00920  2        /* CLEAR BUFFERS */
00921  2        CALL CLEARMEM;
00922  2            DO WHILE (CHAR := GETSOURCE) <> ENDFILE;
00923  2            CALL PUTDEST(CHAR);
00924  3            END;
00925  2        CALL FINIS;
00926  2        END TERMINATE;
00927  1     
00928  1     
00929  1    INSERT: PROCEDURE;
00930  2        /* INSERT CHAR INTO MEMORY BUFFER */
00931  2        IF FRONT = BACK THEN GO TO OVERFLOW;
00932  2        MEMORY(FRONT) = CHAR; CALL INCFRONT;
00933  2        IF CHAR = LF THEN CALL INCBASE;
00934  2        END INSERT;
00935  1     
00936  1    SCANNING: PROCEDURE BYTE;
00937  2        /* READ A CHARACTER AND CHECK FOR ENDFILE OR CR */
00938  2        RETURN NOT ((CHAR := READC) = ENDFILE OR
00939  2                       (CHAR = CR AND NOT INSERTING));
00940  2        END SCANNING;
00941  1     
00942  1    COLLECT: PROCEDURE;
00943  2        /* READ COMMAND BUFFER AND INSERT CHARACTERS INTO
00944  2        SCRATCH 'TIL NEXT CONTROL-Z OR CR FOR  FIND, NEXT, JUXT, OR
00945  2        SUBSTITUTE COMMANDS - FILL AT WBE AND INCREMENT WBE SO IT
00946  2        ADDRESSES NEXT EMPTY POSITION OF SCRATCH */
00947  2        SETSCR: PROCEDURE;
00948  3            SCRATCH(WBE) = CHAR;
00949  3            IF (WBE := WBE + 1) >= SCRSIZE THEN GO TO OVERFLOW;
00950  3            END SETSCR;
00951  2            DO WHILE SCANNING;
00952  2            IF CHAR = CTLL THEN
00953  3                DO; CHAR = CR; CALL SETSCR;
00954  4                CHAR = LF;
00955  4                END;
00956  3            IF CHAR = 0 THEN GO TO BADCOM;
00957  3            CALL SETSCR;
00958  3            END;
00959  2        END COLLECT;
00960  1     
00961  1    FIND: PROCEDURE(PA,PB) BYTE;
00962  2        DECLARE (PA,PB) BYTE;
00963  2        /* FIND THE STRING IN SCRATCH STARTING AT PA AND ENDING AT PB */
00964  2        DECLARE J ADDRESS,
00965  2            (K, MATCH) BYTE;
00966  2        J = BACK ;
00967  2        MATCH = FALSE;
00968  2            DO WHILE NOT MATCH AND (MAXM > J);
00969  2            LAST,J = J + 1; /* START SCAN AT J */
00970  3            K = PA ; /* ATTEMPT STRING MATCH AT K */
00971  3                DO WHILE SCRATCH(K) = MEMORY(LAST) AND
00972  3                    NOT (MATCH := K = PB);
00973  3                /* MATCHED ONE MORE CHARACTER */
00974  3                K = K + 1; LAST = LAST + 1;
00975  4                END;
00976  3            END;
00977  2        IF MATCH THEN /* MOVE STORAGE */
00978  2            DO; LAST = LAST - 1; CALL MOVER;
00979  3            END;
00980  2        RETURN MATCH;
00981  2        END FIND;
00982  1     
00983  1    SETFIND: PROCEDURE;
00984  2        /* SETUP THE SEARCH STRING FOR F,N, AND S COMMANDS */
00985  2        WBE = 0; CALL COLLECT; WBP = WBE;
00986  2        END SETFIND;
00987  1     
00988  1    CHKFOUND: PROCEDURE;
00989  2        /* CHECK FOR FOUND STRING IN F AND S COMMANDS */
00990  2        IF NOT FIND(0,WBP) THEN /* NO MATCH */ GO TO OVERCOUNT;
00991  2        END CHKFOUND;
00992  1     
00993  1     
00994  1     
00995  1    SETRFCB: PROCEDURE;
00996  2        /* PLACE CHAR INTO READ FILE CONTROL BLOCK AND INCREMENT */
00997  2        RFCB((RBP := RBP + 1) - 1) = UCASE(CHAR);
00998  2        END SETRFCB;
00999  1     
01000  1    PRINTREL: PROCEDURE;
01001  2        CALL PRINTLINE(BASELINE+RELLINE);
01002  2        END PRINTREL;
01003  1    
01004  1    TYPELINES: PROCEDURE;
01005  2        DCL I ADDR;
01006  2        DCL C BYTE;
01007  2        CALL SETLIMITS;
01008  2        /* DISABLE THE * PROMPT */
01009  2        INSERTING = TRUE;
01010  2        IF DIRECTION = FORWARD THEN
01011  2            DO; RELLINE = 0; I = FRONT;
01012  3            END; ELSE
01013  2            I = FIRST;
01014  2        IF (C := MEMORY(I-1)) = LF AND COLUMN <> 0 THEN
01015  2            CALL CRLF;
01016  2            DO I = FIRST TO LAST;
01017  2            IF C = LF THEN
01018  3                DO;
01019  3                CALL PRINTREL;
01020  4                RELLINE = RELLINE + 1;
01021  4                IF BREAK$KEY THEN GO TO OVERCOUNT;
01022  4                END;
01023  3            CALL PRINTC(C:=MEMORY(I));
01024  3            END;
01025  2        END TYPELINES;
01026  1     
01027  1    SETLPP: PROCEDURE;
01028  2        /* SET DISTANCE TO LINES PER PAGE */
01029  2        DISTANCE = LPP;
01030  2        END SETLPP;
01031  1     
01032  1    SAVEDIST: PROCEDURE;
01033  2        TDIST = DISTANCE;
01034  2        END SAVEDIST;
01035  1     
01036  1    RESTDIST: PROCEDURE;
01037  2        DISTANCE = TDIST;
01038  2        END RESTDIST;
01039  1     
01040  1    PAGE: PROCEDURE;
01041  2        DECLARE I BYTE;
01042  2        CALL SAVEDIST;
01043  2        CALL SETLPP;
01044  2        CALL MOVELINES;
01045  2        I = DIRECTION;
01046  2        DIRECTION = FORWARD;
01047  2        CALL SETLPP;
01048  2        CALL TYPELINES;
01049  2        DIRECTION = I;
01050  2        IF LAST = MAXM OR FIRST = 1 THEN CALL ZERODIST;
01051  2            ELSE CALL RESTDIST;
01052  2        END PAGE;
01053  1     
01054  1    WAIT: PROCEDURE;
01055  2        /* 1/2 SECOND TIME OUT */
01056  2        DECLARE I BYTE;
01057  2            DO I = 0 TO 19;
01058  2            IF BREAK$KEY THEN GO TO RESET;
01059  3            CALL TIME(250);
01060  3            END;
01061  2        END WAIT;
01062  1     
01063  1    SETFORWARD: PROCEDURE;
01064  2        DIRECTION = FORWARD;
01065  2        DISTANCE = 1;
01066  2        END SETFORWARD;
01067  1     
01068  1    APPHALF: PROCEDURE;
01069  2        /* APPEND 'TIL BUFFER IS AT LEAST HALF FULL */
01070  2        CALL SETFF; /* DISTANCE = 0FFFFH */
01071  2            DO WHILE DISTNZERO;
01072  2            IF FRONT >= HMAX THEN CALL ZERODIST; ELSE
01073  3            CALL READLINE;
01074  3            END;
01075  2        END APPHALF;
01076  1     
01077  1    INSCRLF: PROCEDURE;
01078  2        /* INSERT CR LF CHARACTERS */
01079  2        CHAR = CR; CALL INSERT;
01080  2        CHAR = LF; CALL INSERT;
01081  2        END INSCRLF;
01082  1     
01083  1    TESTCASE: PROCEDURE;
01084  2        DECLARE T BYTE;
01085  2        /* TEST FOR UPPER OR LOWER CASE COMMAND AND SET TRANSLATE
01086  2        FLAG (USED TO DETERMINE IF CHARACTERS WHICH FOLLOW GO TO UPPER */
01087  2        TRANSLATE = TRUE;
01088  2        T = LOWERCASE(CHAR);
01089  2        CHAR = UTRAN(CHAR);
01090  2        TRANSLATE = UPPER OR NOT T;
01091  2        END TESTCASE;
01092  1     
01093  1    READCTRAN: PROCEDURE;
01094  2        /* SET TRANSLATE TO FALSE AND READ NEXT CHARACTER */
01095  2        TRANSLATE = FALSE;
01096  2        CHAR = READC;
01097  2        CALL TESTCASE;
01098  2        END READCTRAN;
01099  1     
01100  1    SINGLECOM: PROCEDURE(C) BYTE;
01101  2        /* RETURN TRUE IF COMMAND IS ONLY CHARACTER, NOT IN MACRO */
01102  2        DECLARE C BYTE;
01103  2        RETURN CHAR = C AND COMLEN = 1 AND MP = 0;
01104  2        END SINGLECOM;
01105  1     
01106  1    SINGLERCOM: PROCEDURE(C) BYTE;
01107  2        DECLARE C BYTE;
01108  2        /* RETURN TRUE IF COMMAND IS ONLY CHARACTER, NOT IN MACRO, AND
01109  2        THE OPERATOR HAS RESPONDED WITH 'Y' TO A Y/N REQUEST */
01110  2        IF SINGLECOM(C) THEN
01111  2            DO; CALL CRLF; CALL PRINTCHAR(C);
01112  3            CALL MON1(9,.('-(Y/N)',WHAT,'$'));
01113  3            C = UCASE(READCHAR); CALL CRLF;
01114  3            IF C <> 'Y' THEN GO TO START;
01115  3            RETURN TRUE;
01116  3            END;
01117  2        RETURN FALSE;
01118  2        END SINGLERCOM;
01119  1     
01120  1     
01121  1     
01122  1     
01123  1     
01124  1     
01125  1     /* INITIALIZE THE SYSTEM */
01126  1    
01127  1    EDCOMMAND: /* PAST LXI SP,STACK */
01128  1        /* I/O BUFFER REGION IS 1/8 AVAILABLE MEMORY */
01129  1        NBUF = SHR(MAX := MAXB - .MEMORY,SECTSHF+3) - 1;
(00098) Error: 29: undeclared variable  near =
(00099) Error: 29: undeclared variable  near -
(00100) Error: 29: undeclared variable  near +
Fatal Error: Too many errors
Compilation Terminated
