1 00 NOP
3 01 XX XX LD BC,NN
1 02 LD (BC),A
1 03 INC BC
1 04 INC B
1 05 DEC B
2 06 XX LD B,N_
1 07 RLCA
1 08 EX AF,AF'
1 09 ADD HL,BC
1 0A LD A,(BC)
1 0B DEC BC
1 0C INC C
1 0D DEC C
2 0E XX LD C,N_
1 0F RRCA
2 10 DJNZ $+2
3 11 XX XX LD DE,NN
1 12 LD (DE),A
1 13 INC DE
1 14 INC D
1 15 DEC D
2 16 XX LD D,N_
1 17 RLA
2 18 JR $+2
1 19 ADD HL,DE
1 1A LD A,(DE)
1 1B DEC DE
1 1C INC E
1 1D DEC E
2 1E XX LD E,N_
1 1F RRA
2 20 JR NZ,$+2
3 21 XX XX LD HL,NN
3 22 XX XX LD (NN),HL
1 23 INC HL
1 24 INC H
1 25 DEC H
2 26 XX LD H,N_
1 27 DAA
2 28 JR Z,$+2
1 29 ADD HL,HL
3 2A XX XX LD HL,(NN)
1 2B DEC HL
1 2B DEC HL
1 2C INC L
1 2D DEC L
2 2E XX LD L,N_
1 2F CPL
2 30 JR NC,$+2
3 31 XX XX LD SP,NN
3 32 XX XX LD (NN),A
1 33 INC SP
1 34 INC (HL)
1 35 DEC (HL)
2 36 XX LD (HL),N_
1 37 SCF
2 38 JR C,$+2
1 39 ADD HL,SP
3 3A XX XX LD A,(NN)
1 3B DEC SP
1 3C INC A
1 3D DEC A
2 3E XX LD A,N_
1 3F CCF
1 40 LD B,B
1 41 LD B,C
1 42 LD B,D
1 43 LD B,E
1 44 LD B,H
1 45 LD B,L
1 46 LD B,(HL)
1 47 LD B,A
1 48 LD C,B
1 49 LD C,C
1 4A LD C,D
1 4B LD C,E
1 4C LD C,H
1 4D LD C,L
1 4E LD C,(HL)
1 4F LD C,A
1 50 LD D,B
1 51 LD D,C
1 52 LD D,D
1 53 LD D,E
1 54 LD D,H
1 55 LD D,L
1 56 LD D,(HL)
1 57 LD D,A
1 58 LD E,B
1 59 LD E,C
1 5A LD E,D
1 5B LD E,E
1 5C LD E,H
1 5D LD E,L
1 5E LD E,(HL)
1 5F LD E,A
1 60 LD H,B
1 61 LD H,C
1 62 LD H,D
1 63 LD H,E
1 64 LD H,H
1 65 LD H,L
1 66 LD H,(HL)
1 67 LD H,A
1 68 LD L,B
1 69 LD L,C
1 6A LD L,D
1 6B LD L,E
1 6C LD L,H
1 6D LD L,L
1 6E LD L,(HL)
1 6F LD L,A
1 70 LD (HL),B
1 71 LD (HL),C
1 72 LD (HL),D
1 73 LD (HL),E
1 74 LD (HL),H
1 75 LD (HL),L
1 76 HALT
1 77 LD (HL),A
1 78 LD A,B
1 79 LD A,C
1 7A LD A,D
1 7B LD A,E
1 7C LD A,H
1 7D LD A,L
1 7E LD A,(HL)
1 7F LD A,A
1 80 ADD A,B
1 81 ADD A,C
1 82 ADD A,D
1 83 ADD A,E
1 84 ADD A,H
1 85 ADD A,L
1 86 ADD A,(HL)
1 87 ADD A,A
1 88 ADC A,B
1 89 ADC A,C
1 8A ADC A,D
1 8B ADC A,E
1 8C ADC A,H
1 8D ADC A,L
1 8E ADC A,(HL)
1 8F ADC A,A
1 90 SUB B
1 91 SUB C
1 92 SUB D
1 93 SUB E
1 94 SUB H
1 95 SUB L
1 96 SUB (HL)
1 97 SUB A
1 98 SBC B
1 99 SBC C
1 9A SBC D
1 9B SBC E
1 9C SBC H
1 9D SBC L
1 9E SBC (HL)
1 9F SBC A
1 A0 AND B
1 A1 AND C
1 A2 AND D
1 A3 AND E
1 A4 AND H
1 A5 AND L
1 A6 AND (HL)
1 A7 AND A
1 A8 XOR B
1 A9 XOR C
1 AA XOR D
1 AB XOR E
1 AC XOR H
1 AD XOR L
1 AE XOR (HL)
1 AF XOR A
1 B0 OR B
1 B1 OR C
1 B2 OR D
1 B3 OR E
1 B4 OR H
1 B5 OR L
1 B6 OR (HL)
1 B7 OR A
1 B8 CP B
1 B9 CP C
1 BA CP D
1 BB CP E
1 BC CP H
1 BD CP L
1 BE CP (HL)
1 BF CP A
1 C0 RET NZ
1 C1 POP BC
3 C2 XX XX JP NZ,NN
3 C3 XX XX JP NN
3 C4 XX XX CALL NZ,NN
1 C5 PUSH BC
2 C6 XX ADD A,N_
1 C7 RST 0
1 C8 RET Z
1 C9 RET
3 CA XX XX JP Z,NN
2 CB 00 RLC B
2 CB 01 RLC C
2 CB 02 RLC D
2 CB 03 RLC E
2 CB 04 RLC H
2 CB 05 RLC L
2 CB 06 RLC (HL)
2 CB 07 RLC A
2 CB 08 RRC B
2 CB 09 RRC C
2 CB 0A RRC D
2 CB 0B RRC E
2 CB 0C RRC H
2 CB 0D RRC L
2 CB 0E RRC (HL)
2 CB 0F RRC A
2 CB 10 RL B
2 CB 11 RL C
2 CB 12 RL D
2 CB 13 RL E
2 CB 14 RL H
2 CB 15 RL L
2 CB 16 RL (HL)
2 CB 17 RL A
2 CB 18 RR B
2 CB 19 RR C
2 CB 1A RR D
2 CB 1B RR E
2 CB 1C RR H
2 CB 1D RR L
2 CB 1E RR (HL)
2 CB 1F RR A
2 CB 20 SLA B
2 CB 21 SLA C
2 CB 22 SLA D
2 CB 23 SLA E
2 CB 24 SLA H
2 CB 25 SLA L
2 CB 26 SLA (HL)
2 CB 27 SLA A
2 CB 28 SRA B
2 CB 29 SRA C
2 CB 2A SRA D
2 CB 2B SRA E
2 CB 2C SRA H
2 CB 2D SRA L
2 CB 2E SRA (HL)
2 CB 2F SRA A
2 CB 38 SRL B
2 CB 39 SRL C
2 CB 3A SRL D
2 CB 3B SRL E
2 CB 3C SRL H
2 CB 3D SRL L
2 CB 3E SRL (HL)
2 CB 3F SRL A
2 CB 40 BIT 0,B
2 CB 41 BIT 0,C
2 CB 42 BIT 0,D
2 CB 43 BIT 0,E
2 CB 44 BIT 0,H
2 CB 45 BIT 0,L
2 CB 46 BIT 0,(HL)
2 CB 47 BIT 0,A
2 CB 48 BIT 1,B
2 CB 49 BIT 1,C
2 CB 4A BIT 1,D
2 CB 4B BIT 1,E
2 CB 4C BIT 1,H
2 CB 4D BIT 1,L
2 CB 4E BIT 1,(HL)
2 CB 4F BIT 1,A
2 CB 50 BIT 2,B
2 CB 51 BIT 2,C
2 CB 52 BIT 2,D
2 CB 53 BIT 2,E
2 CB 54 BIT 2,H
2 CB 55 BIT 2,L
2 CB 56 BIT 2,(HL)
2 CB 57 BIT 2,A
2 CB 58 BIT 3,B
2 CB 59 BIT 3,C
2 CB 5A BIT 3,D
2 CB 5B BIT 3,E
2 CB 5C BIT 3,H
2 CB 5D BIT 3,L
2 CB 5E BIT 3,(HL)
2 CB 5F BIT 3,A
2 CB 60 BIT 4,B
2 CB 61 BIT 4,C
2 CB 62 BIT 4,D
2 CB 63 BIT 4,E
2 CB 64 BIT 4,H
2 CB 65 BIT 4,L
2 CB 66 BIT 4,(HL)
2 CB 67 BIT 4,A
2 CB 68 BIT 5,B
2 CB 69 BIT 5,C
2 CB 6A BIT 5,D
2 CB 6B BIT 5,E
2 CB 6C BIT 5,H
2 CB 6D BIT 5,L
2 CB 6E BIT 5,(HL)
2 CB 6F BIT 5,A
2 CB 70 BIT 6,B
2 CB 71 BIT 6,C
2 CB 72 BIT 6,D
2 CB 73 BIT 6,E
2 CB 74 BIT 6,H
2 CB 75 BIT 6,L
2 CB 76 BIT 6,(HL)
2 CB 77 BIT 6,A
2 CB 78 BIT 7,B
2 CB 79 BIT 7,C
2 CB 7A BIT 7,D
2 CB 7B BIT 7,E
2 CB 7C BIT 7,H
2 CB 7D BIT 7,L
2 CB 7E BIT 7,(HL)
2 CB 7F BIT 7,A
2 CB 80 RES 0,B
2 CB 81 RES 0,C
2 CB 82 RES 0,D
2 CB 83 RES 0,E
2 CB 84 RES 0,H
2 CB 85 RES 0,L
2 CB 86 RES 0,(HL)
2 CB 87 RES 0,A
2 CB 88 RES 1,B
2 CB 89 RES 1,C
2 CB 8A RES 1,D
2 CB 8B RES 1,E
2 CB 8C RES 1,H
2 CB 8D RES 1,L
2 CB 8E RES 1,(HL)
2 CB 8F RES 1,A
2 CB 90 RES 2,B
2 CB 91 RES 2,C
2 CB 92 RES 2,D
2 CB 93 RES 2,E
2 CB 94 RES 2,H
2 CB 95 RES 2,L
2 CB 96 RES 2,(HL)
2 CB 97 RES 2,A
2 CB 98 RES 3,B
2 CB 99 RES 3,C
2 CB 9A RES 3,D
2 CB 9B RES 3,E
2 CB 9C RES 3,H
2 CB 9D RES 3,L
2 CB 9E RES 3,(HL)
2 CB 9F RES 3,A
2 CB A0 RES 4,B
2 CB A1 RES 4,C
2 CB A2 RES 4,D
2 CB A3 RES 4,E
2 CB A4 RES 4,H
2 CB A5 RES 4,L
2 CB A6 RES 4,(HL)
2 CB A7 RES 4,A
2 CB A8 RES 5,B
2 CB A9 RES 5,C
2 CB AA RES 5,D
2 CB AB RES 5,E
2 CB AC RES 5,H
2 CB AD RES 5,L
2 CB AE RES 5,(HL)
2 CB AF RES 5,A
2 CB B0 RES 6,B
2 CB B1 RES 6,C
2 CB B2 RES 6,D
2 CB B3 RES 6,E
2 CB B4 RES 6,H
2 CB B5 RES 6,L
2 CB B6 RES 6,(HL)
2 CB B7 RES 6,A
2 CB B8 RES 7,B
2 CB B9 RES 7,C
2 CB BA RES 7,D
2 CB BB RES 7,E
2 CB BC RES 7,H
2 CB BD RES 7,L
2 CB BE RES 7,(HL)
2 CB BF RES 7,A
2 CB C0 SET 0,B
2 CB C1 SET 0,C
2 CB C2 SET 0,D
2 CB C3 SET 0,E
2 CB C4 SET 0,H
2 CB C5 SET 0,L
2 CB C6 SET 0,(HL)
2 CB C7 SET 0,A
2 CB C8 SET 1,B
2 CB C9 SET 1,C
2 CB CA SET 1,D
2 CB CB SET 1,E
2 CB CC SET 1,H
2 CB CD SET 1,L
2 CB CE SET 1,(HL)
2 CB CF SET 1,A
2 CB D0 SET 2,B
2 CB D1 SET 2,C
2 CB D2 SET 2,D
2 CB D3 SET 2,E
2 CB D4 SET 2,H
2 CB D5 SET 2,L
2 CB D6 SET 2,(HL)
2 CB D7 SET 2,A
2 CB D8 SET 3,B
2 CB D9 SET 3,C
2 CB DA SET 3,D
2 CB DB SET 3,E
2 CB DC SET 3,H
2 CB DD SET 3,L
2 CB DE SET 3,(HL)
2 CB DF SET 3,A
2 CB E0 SET 4,B
2 CB E1 SET 4,C
2 CB E2 SET 4,D
2 CB E3 SET 4,E
2 CB E4 SET 4,H
2 CB E5 SET 4,L
2 CB E6 SET 4,(HL)
2 CB E7 SET 4,A
2 CB E8 SET 5,B
2 CB E9 SET 5,C
2 CB EA SET 5,D
2 CB EB SET 5,E
2 CB EC SET 5,H
2 CB ED SET 5,L
2 CB EE SET 5,(HL)
2 CB EF SET 5,A
2 CB F0 SET 6,B
2 CB F1 SET 6,C
2 CB F2 SET 6,D
2 CB F3 SET 6,E
2 CB F4 SET 6,H
2 CB F5 SET 6,L
2 CB F6 SET 6,(HL)
2 CB F7 SET 6,A
2 CB F8 SET 7,B
2 CB F9 SET 7,C
2 CB FA SET 7,D
2 CB FB SET 7,E
2 CB FC SET 7,H
2 CB FD SET 7,L
2 CB FE SET 7,(HL)
2 CB FF SET 7,A
3 CC XX XX CALL Z,NN
3 CD XX XX CALL NN
2 CE XX ADC A,N_
1 CF RST 8H
1 D0 RET NC
1 D1 POP DE
3 D2 XX XX JP NC,NN
2 D3 XX OUT (N),A
3 D4 XX XX CALL NC,NN
1 D5 PUSH DE
2 D6 XX SUB N_
1 D7 RST 10H
1 D8 RET C
1 D9 EXX
3 DA XX XX JP C,NN
2 DB XX IN A,(N)
3 DC XX XX CALL C,NN
2 DD 09 ADD IX,BC
2 DD 19 ADD IX,DE
4 DD 21 XX XX LD IX,NN
4 DD 22 XX XX LD (NN),IX
2 DD 23 INC IX
2 DD 29 ADD IX,IX
4 DD 2A XX XX LD IX,(NN)
2 DD 2B DEC IX
3 DD 34 XX INC (IX+N)
3 DD 35 XX DEC (IX+N)
4 DD 36 XX XX LD (IX+N),N_
2 DD 39 ADD IX,SP
3 DD 46 XX LD B,(IX+N)
3 DD 4E XX LD C,(IX+N)
3 DD 56 XX LD D,(IX+N)
3 DD 5E XX LD E,(IX+N)
3 DD 66 XX LD H,(IX+N)
3 DD 6E XX LD L,(IX+N)
3 DD 70 XX LD (IX+N),B
3 DD 71 XX LD (IX+N),C
3 DD 72 XX LD (IX+N),D
3 DD 73 XX LD (IX+N),E
3 DD 74 XX LD (IX+N),H
3 DD 75 XX LD (IX+N),L
3 DD 77 XX LD (IX+N),A
2 DD 7C LD A,IXH
2 DD 7D LD A,IXL
3 DD 7E XX LD A,(IX+N)
3 DD 86 XX ADD A,(IX+N)
3 DD 8E XX ADC A,(IX+N)
3 DD 96 XX SUB (IX+N)
3 DD 9E XX SBC A,(IX+N)
3 DD A6 XX AND (IX+N)
3 DD AE XX XOR (IX+N)
3 DD B6 XX OR (IX+N)
3 DD BE XX CP (IX+N)
4 DD CB XX 06 RLC (IX+N)
4 DD CB XX 0E RRC (IX+N)
4 DD CB XX 16 RL (IX+N)
4 DD CB XX 1E RR (IX+N)
4 DD CB XX 26 SLA (IX+N)
4 DD CB XX 2E SRA (IX+N)
4 DD CB XX 3E SRL (IX+N)
4 DD CB XX 46 BIT 0,(IX+N)
4 DD CB XX 4E BIT 1,(IX+N)
4 DD CB XX 56 BIT 2,(IX+N)
4 DD CB XX 5E BIT 3,(IX+N)
4 DD CB XX 66 BIT 4,(IX+N)
4 DD CB XX 6E BIT 5,(IX+N)
4 DD CB XX 76 BIT 6,(IX+N)
4 DD CB XX 7E BIT 7,(IX+N)
4 DD CB XX 86 RES 0,(IX+N)
4 DD CB XX 8E RES 1,(IX+N)
4 DD CB XX 96 RES 2,(IX+N)
4 DD CB XX 9E RES 3,(IX+N)
4 DD CB XX A6 RES 4,(IX+N)
4 DD CB XX AE RES 5,(IX+N)
4 DD CB XX B6 RES 6,(IX+N)
4 DD CB XX BE RES 7,(IX+N)
4 DD CB XX C6 SET 0,(IX+N)
4 DD CB XX CE SET 1,(IX+N)
4 DD CB XX D6 SET 2,(IX+N)
4 DD CB XX DE SET 3,(IX+N)
4 DD CB XX E6 SET 4,(IX+N)
4 DD CB XX EE SET 5,(IX+N)
4 DD CB XX F6 SET 6,(IX+N)
4 DD CB XX FE SET 7,(IX+N)
2 DD E1 POP IX
2 DD E3 EX (SP),IX
2 DD E5 PUSH IX
2 DD E9 JP (IX)
2 DD F9 LD SP,IX
2 DE XX SBC A,N_
1 DF RST 18H
1 E0 RET PO
1 E1 POP HL
3 E2 XX XX JP PO,NN
1 E3 EX (SP),HL
3 E4 XX XX CALL PO,NN
1 E5 PUSH HL
2 E6 XX AND N_
1 E7 RST 20H
1 E8 RET PE
1 E9 JP (HL)
3 EA XX XX JP PE,NN
1 EB EX DE,HL
3 EC XX XX CALL PE,NN
2 ED 40 IN B,(C)
2 ED 41 OUT (C),B
2 ED 42 SBC HL,BC
4 ED 43 XX XX LD (NN),BC
2 ED 44 NEG
2 ED 45 RETN
2 ED 46 IM 0
2 ED 47 LD I,A
2 ED 48 IN C,(C)
2 ED 49 OUT (C),C
2 ED 4A ADC HL,BC
4 ED 4B XX XX LD BC,(NN)
2 ED 4D RETI
2 ED 50 IN D,(C)
2 ED 51 OUT (C),D
2 ED 52 SBC HL,DE
4 ED 53 XX XX LD (NN),DE
2 ED 56 IM 1
2 ED 57 LD A,I
2 ED 58 IN E,(C)
2 ED 59 OUT (C),E
2 ED 5A ADC HL,DE
4 ED 5B XX XX LD DE,(NN)
2 ED 5E IM 2
2 ED 60 IN H,(C)
2 ED 61 OUT (C),H
2 ED 62 SBC HL,HL
2 ED 67 RRD
2 ED 68 IN L,(C)
2 ED 69 OUT (C),L
2 ED 6A ADC HL,HL
2 ED 6F RLD
2 ED 72 SBC HL,SP
4 ED 73 XX XX LD (NN),SP
2 ED 78 IN A,(C)
2 ED 79 OUT (C),A
2 ED 7A ADC HL,SP
4 ED 7B XX XX LD SP,(NN)
2 ED A0 LDI
2 ED A1 CPI
2 ED A2 INI
2 ED A3 OUTI
2 ED A8 LDD
2 ED A9 CPD
2 ED AA IND
2 ED AB OUTD
2 ED B0 LDIR
2 ED B1 CPIR
2 ED B2 INIR
2 ED B3 OTIR
2 ED B8 LDDR
2 ED B9 CPDR
2 ED BA INDR
2 ED BB OTDR
2 EE XX XOR N_
1 EF RST 28H
1 F0 RET P
1 F1 POP AF
3 F2 XX XX JP P,NN
1 F3 DI
3 F4 XX XX CALL P,NN
1 F5 PUSH AF
2 F6 XX OR N_
1 F7 RST 30H
1 F8 RET M
1 F9 LD SP,HL
3 FA XX XX JP M,NN
1 FB EI
3 FC XX XX CALL M,NN
2 FD 09 ADD IY,BC
2 FD 19 ADD IY,DE
4 FD 21 XX XX LD IY,NN
4 FD 22 XX XX LD (NN),IY
2 FD 23 INC IY
2 FD 29 ADD IY,IY
4 FD 2A XX XX LD IY,(NN)
2 FD 2B DEC IY
3 FD 34 XX INC (IY+N)
3 FD 35 XX DEC (IY+N)
4 FD 36 XX XX LD (IY+N),N_
2 FD 39 ADD IY,SP
3 FD 46 XX LD B,(IY+N)
3 FD 4E XX LD C,(IY+N)
3 FD 56 XX LD D,(IY+N)
3 FD 5E XX LD E,(IY+N)
3 FD 66 XX LD H,(IY+N)
3 FD 6E XX LD L,(IY+N)
3 FD 70 XX LD (IY+N),B
3 FD 71 XX LD (IY+N),C
3 FD 72 XX LD (IY+N),D
3 FD 73 XX LD (IY+N),E
3 FD 74 XX LD (IY+N),H
3 FD 75 XX LD (IY+N),L
3 FD 77 XX LD (IY+N),A
2 FD 7C LD A,IYH
2 FD 7D LD A,IYL
3 FD 7E XX LD A,(IY+N)
3 FD 86 XX ADD A,(IY+N)
3 FD 8E XX ADC A,(IY+N)
3 FD 96 XX SUB (IY+N)
3 FD 9E XX SBC A,(IY+N)
3 FD A6 XX AND (IY+N)
3 FD AE XX XOR (IY+N)
3 FD B6 XX OR (IY+N)
3 FD BE XX CP (IY+N)
3 FD CB XX 06 RLC (IY+N)
3 FD CB XX 0E RRC (IY+N)
3 FD CB XX 16 RL (IY+N)
3 FD CB XX 1E RR (IY+N)
3 FD CB XX 26 SLA (IY+N)
3 FD CB XX 2E SRA (IY+N)
4 FD CB XX 46 BIT 0,(IY+N)
4 FD CB XX 4E BIT 1,(IY+N)
4 FD CB XX 56 BIT 2,(IY+N)
4 FD CB XX 5E BIT 3,(IY+N)
4 FD CB XX 66 BIT 4,(IY+N)
4 FD CB XX 6E BIT 5,(IY+N)
4 FD CB XX 76 BIT 6,(IY+N)
4 FD CB XX 7E BIT 7,(IY+N)
4 FD CB XX 86 RES 0,(IY+N)
4 FD CB XX 8E RES 1,(IY+N)
4 FD CB XX 96 RES 2,(IY+N)
4 FD CB XX 9E RES 3,(IY+N)
4 FD CB XX A6 RES 4,(IY+N)
4 FD CB XX AE RES 5,(IY+N)
4 FD CB XX B6 RES 6,(IY+N)
4 FD CB XX BE RES 7,(IY+N)
4 FD CB XX C6 SET 0,(IY+N)
4 FD CB XX CE SET 1,(IY+N)
4 FD CB XX D6 SET 2,(IY+N)
4 FD CB XX DE SET 3,(IY+N)
4 FD CB XX E6 SET 4,(IY+N)
4 FD CB XX EE SET 5,(IY+N)
4 FD CB XX F6 SET 6,(IY+N)
4 FD CB XX FE SET 7,(IY+N)
2 FD E1 POP IY
2 FD E3 EX (SP),IY
2 FD E5 PUSH IY
2 FD E9 JP (IY)
2 FD F9 LD SP,IY
2 FE XX CP N_
1 FF RST 38H